[ 2026-08-11 18:23:06,181 ] 9 root - INFO - The operation has started
[ 2026-08-11 18:23:06,181 ] 27 root - INFO - Reading SQL database started
[ 2026-08-11 18:23:06,181 ] 30 root - INFO - Connecting to: localhost:3306/BankChurn
[ 2026-08-11 18:23:06,304 ] 33 root - INFO - SQLAlchemy engine created \u2705
[ 2026-08-11 18:23:06,466 ] 45 __main__ - ERROR - 
  Script     : [D:\DataSciene Proj\Src\my_project\utils.py]
  Line No    : [35]
  Error Msg  : [(pymysql.err.OperationalError) (2003, "Can't connect to MySQL server on 'MySQL@localhost' ([Errno 11003] getaddrinfo failed)")
(Background on this error at: https://sqlalche.me/e/20/e3q8)]

[ 2026-08-11 18:23:06,466 ] 45 __main__ - ERROR - 
  Script     : [D:\DataSciene Proj\Src\my_project\components\data_ingestion.py]
  Line No    : [23]
  Error Msg  : [
  Script     : [D:\DataSciene Proj\Src\my_project\utils.py]
  Line No    : [35]
  Error Msg  : [(pymysql.err.OperationalError) (2003, "Can't connect to MySQL server on 'MySQL@localhost' ([Errno 11003] getaddrinfo failed)")
(Background on this error at: https://sqlalche.me/e/20/e3q8)]
]

[ 2026-08-11 18:23:06,467 ] 20 root - ERROR - Pipeline failed
[ 2026-08-11 18:23:06,467 ] 45 __main__ - ERROR - 
  Script     : [D:\DataSciene Proj\app.py]
  Line No    : [14]
  Error Msg  : [[DataIngestion Error] 
  Script     : [D:\DataSciene Proj\Src\my_project\components\data_ingestion.py]
  Line No    : [23]
  Error Msg  : [
  Script     : [D:\DataSciene Proj\Src\my_project\utils.py]
  Line No    : [35]
  Error Msg  : [(pymysql.err.OperationalError) (2003, "Can't connect to MySQL server on 'MySQL@localhost' ([Errno 11003] getaddrinfo failed)")
(Background on this error at: https://sqlalche.me/e/20/e3q8)]
]
]

