[ 2026-08-11 17:51:40,051 ] 9 root - INFO - The operation has started
[ 2026-08-11 17:51:40,051 ] 25 root - INFO - Reading SQL database started
[ 2026-08-11 17:51:40,280 ] 31 root - INFO - Connection Established
[ 2026-08-11 17:51:41,044 ] 45 __main__ - ERROR - 
  Script     : [D:\DataSciene Proj\Src\my_project\utils.py]
  Line No    : [33]
  Error Msg  : [(pymysql.err.OperationalError) (2003, "Can't connect to MySQL server on 'MySQL@localhost' ([Errno 11003] getaddrinfo failed)")
(Background on this error at: https://sqlalche.me/e/20/e3q8)]

[ 2026-08-11 17:51:41,045 ] 45 __main__ - ERROR - 
  Script     : [D:\DataSciene Proj\Src\my_project\components\data_ingestion.py]
  Line No    : [23]
  Error Msg  : [
  Script     : [D:\DataSciene Proj\Src\my_project\utils.py]
  Line No    : [33]
  Error Msg  : [(pymysql.err.OperationalError) (2003, "Can't connect to MySQL server on 'MySQL@localhost' ([Errno 11003] getaddrinfo failed)")
(Background on this error at: https://sqlalche.me/e/20/e3q8)]
]

[ 2026-08-11 17:51:41,045 ] 20 root - ERROR - Pipeline failed
[ 2026-08-11 17:51:41,045 ] 45 __main__ - ERROR - 
  Script     : [D:\DataSciene Proj\app.py]
  Line No    : [14]
  Error Msg  : [[DataIngestion Error] 
  Script     : [D:\DataSciene Proj\Src\my_project\components\data_ingestion.py]
  Line No    : [23]
  Error Msg  : [
  Script     : [D:\DataSciene Proj\Src\my_project\utils.py]
  Line No    : [33]
  Error Msg  : [(pymysql.err.OperationalError) (2003, "Can't connect to MySQL server on 'MySQL@localhost' ([Errno 11003] getaddrinfo failed)")
(Background on this error at: https://sqlalche.me/e/20/e3q8)]
]
]

